nrf24.c:18:16:nRF24_ReadReg	24	static
nrf24.c:33:13:nRF24_WriteReg	16	static
nrf24.c:56:13:nRF24_ReadMBReg	24	static
nrf24.c:70:13:nRF24_WriteMBReg	16	static
nrf24.c:81:6:nRF24_Init	8	static
nrf24.c:115:9:nRF24_Check	24	static
nrf24.c:135:6:nRF24_SetPowerMode	24	static
nrf24.c:154:6:nRF24_SetOperationalMode	24	static
nrf24.c:169:6:nRF24_SetCRCScheme	24	static
nrf24.c:184:6:nRF24_SetRFChannel	16	static
nrf24.c:193:6:nRF24_SetAutoRetr	16	static
nrf24.c:202:6:nRF24_SetAddrWidth	16	static
nrf24.c:216:6:nRF24_SetAddr	24	static
nrf24.c:251:6:nRF24_SetTXPower	24	static
nrf24.c:264:6:nRF24_SetDataRate	24	static
nrf24.c:279:6:nRF24_SetRXPipe	24	static
nrf24.c:302:6:nRF24_ClosePipe	24	static
nrf24.c:314:6:nRF24_EnableAA	24	static
nrf24.c:326:6:nRF24_DisableAA	24	static
nrf24.c:342:9:nRF24_GetStatus	8	static
nrf24.c:348:9:nRF24_GetIRQFlags	8	static
nrf24.c:354:9:nRF24_GetStatus_RXFIFO	8	static
nrf24.c:361:9:nRF24_GetStatus_TXFIFO	8	static
nrf24.c:367:9:nRF24_GetRXSource	8	static
nrf24.c:375:9:nRF24_GetRetransmitCounters	8	static
nrf24.c:380:6:nRF24_ResetPLOS	16	static
nrf24.c:389:6:nRF24_FlushTX	8	static
nrf24.c:394:6:nRF24_FlushRX	8	static
nrf24.c:399:6:nRF24_ClearIRQFlags	16	static
nrf24.c:412:6:nRF24_WritePayload	16	static
nrf24.c:423:16:nRF24_ReadPayload	24	static
