nrf24.c:19:16:nRF24_ReadReg	24	static
nrf24.c:34:13:nRF24_WriteReg	16	static
nrf24.c:57:13:nRF24_ReadMBReg	24	static
nrf24.c:71:13:nRF24_WriteMBReg	16	static
nrf24.c:82:6:nRF24_Init	8	static
nrf24.c:116:9:nRF24_Check	24	static
nrf24.c:136:6:nRF24_SetPowerMode	24	static
nrf24.c:155:6:nRF24_SetOperationalMode	24	static
nrf24.c:170:6:nRF24_SetCRCScheme	24	static
nrf24.c:185:6:nRF24_SetRFChannel	16	static
nrf24.c:194:6:nRF24_SetAutoRetr	16	static
nrf24.c:203:6:nRF24_SetAddrWidth	16	static
nrf24.c:217:6:nRF24_SetAddr	24	static
nrf24.c:252:6:nRF24_SetTXPower	24	static
nrf24.c:265:6:nRF24_SetDataRate	24	static
nrf24.c:280:6:nRF24_SetRXPipe	24	static
nrf24.c:303:6:nRF24_ClosePipe	24	static
nrf24.c:315:6:nRF24_EnableAA	24	static
nrf24.c:327:6:nRF24_DisableAA	24	static
nrf24.c:343:9:nRF24_GetStatus	8	static
nrf24.c:349:9:nRF24_GetIRQFlags	8	static
nrf24.c:355:9:nRF24_GetStatus_RXFIFO	8	static
nrf24.c:362:9:nRF24_GetStatus_TXFIFO	8	static
nrf24.c:368:9:nRF24_GetRXSource	8	static
nrf24.c:376:9:nRF24_GetRetransmitCounters	8	static
nrf24.c:381:6:nRF24_ResetPLOS	16	static
nrf24.c:390:6:nRF24_FlushTX	8	static
nrf24.c:395:6:nRF24_FlushRX	8	static
nrf24.c:400:6:nRF24_ClearIRQFlags	16	static
nrf24.c:413:6:nRF24_WritePayload	16	static
nrf24.c:424:16:nRF24_ReadPayload	24	static
nrf24.c:450:6:nRF24_dump_config	24	static
